TimeQuest Timing Analyzer report for cpu_top
Mon Nov  5 13:20:27 2012
Quartus II Version 11.0 Build 208 07/03/2011 Service Pack 1 SJ Web Edition


---------------------
; Table of Contents ;
---------------------
  1. Legal Notice
  2. TimeQuest Timing Analyzer Summary
  3. Parallel Compilation
  4. Clocks
  5. Fmax Summary
  6. Setup Summary
  7. Hold Summary
  8. Recovery Summary
  9. Removal Summary
 10. Minimum Pulse Width Summary
 11. Setup: 'CLK'
 12. Hold: 'CLK'
 13. Minimum Pulse Width: 'CLK'
 14. Clock to Output Times
 15. Minimum Clock to Output Times
 16. Setup Transfers
 17. Hold Transfers
 18. Report TCCS
 19. Report RSKM
 20. Unconstrained Paths
 21. TimeQuest Timing Analyzer Messages



----------------
; Legal Notice ;
----------------
Copyright (C) 1991-2011 Altera Corporation
Your use of Altera Corporation's design tools, logic functions 
and other software and tools, and its AMPP partner logic 
functions, and any output files from any of the foregoing 
(including device programming or simulation files), and any 
associated documentation or information are expressly subject 
to the terms and conditions of the Altera Program License 
Subscription Agreement, Altera MegaCore Function License 
Agreement, or other applicable license agreement, including, 
without limitation, that your use is for the sole purpose of 
programming logic devices manufactured by Altera and sold by 
Altera or its authorized distributors.  Please refer to the 
applicable agreement for further details.



+--------------------------------------------------------------------------------------+
; TimeQuest Timing Analyzer Summary                                                    ;
+--------------------+-----------------------------------------------------------------+
; Quartus II Version ; Version 11.0 Build 208 07/03/2011 Service Pack 1 SJ Web Edition ;
; Revision Name      ; cpu_top                                                         ;
; Device Family      ; Cyclone                                                         ;
; Device Name        ; EP1C6Q240C8                                                     ;
; Timing Models      ; Final                                                           ;
; Delay Model        ; Slow Model                                                      ;
; Rise/Fall Delays   ; Unavailable                                                     ;
+--------------------+-----------------------------------------------------------------+


Parallel compilation was disabled, but you have multiple processors available. Enable parallel compilation to reduce compilation time.
+-------------------------------------+
; Parallel Compilation                ;
+----------------------------+--------+
; Processors                 ; Number ;
+----------------------------+--------+
; Number detected on machine ; 2      ;
; Maximum allowed            ; 1      ;
+----------------------------+--------+


+---------------------------------------------------------------------------------------------------------------------------------------------------------------------------------+
; Clocks                                                                                                                                                                          ;
+------------+------+--------+------------+-------+-------+------------+-----------+-------------+-------+--------+-----------+------------+----------+--------+--------+---------+
; Clock Name ; Type ; Period ; Frequency  ; Rise  ; Fall  ; Duty Cycle ; Divide by ; Multiply by ; Phase ; Offset ; Edge List ; Edge Shift ; Inverted ; Master ; Source ; Targets ;
+------------+------+--------+------------+-------+-------+------------+-----------+-------------+-------+--------+-----------+------------+----------+--------+--------+---------+
; CLK        ; Base ; 1.000  ; 1000.0 MHz ; 0.000 ; 0.500 ;            ;           ;             ;       ;        ;           ;            ;          ;        ;        ; { CLK } ;
+------------+------+--------+------------+-------+-------+------------+-----------+-------------+-------+--------+-----------+------------+----------+--------+--------+---------+


+---------------------------------------------------------------------------------------------------+
; Fmax Summary                                                                                      ;
+------------+-----------------+------------+-------------------------------------------------------+
; Fmax       ; Restricted Fmax ; Clock Name ; Note                                                  ;
+------------+-----------------+------------+-------------------------------------------------------+
; 529.38 MHz ; 275.03 MHz      ; CLK        ; limit due to high minimum pulse width violation (tch) ;
+------------+-----------------+------------+-------------------------------------------------------+
This panel reports FMAX for every clock in the design, regardless of the user-specified clock periods.  FMAX is only computed for paths where the source and destination registers or ports are driven by the same clock.  Paths of different clocks, including generated clocks, are ignored.  For paths between a clock and its inversion, FMAX is computed as if the rising and falling edges are scaled along with FMAX, such that the duty cycle (in terms of a percentage) is maintained. Altera recommends that you always use clock constraints and other slack reports for sign-off analysis.


+--------------------------------+
; Setup Summary                  ;
+-------+--------+---------------+
; Clock ; Slack  ; End Point TNS ;
+-------+--------+---------------+
; CLK   ; -0.889 ; -2.812        ;
+-------+--------+---------------+


+-------------------------------+
; Hold Summary                  ;
+-------+-------+---------------+
; Clock ; Slack ; End Point TNS ;
+-------+-------+---------------+
; CLK   ; 0.850 ; 0.000         ;
+-------+-------+---------------+


--------------------
; Recovery Summary ;
--------------------
No paths to report.


-------------------
; Removal Summary ;
-------------------
No paths to report.


+--------------------------------+
; Minimum Pulse Width Summary    ;
+-------+--------+---------------+
; Clock ; Slack  ; End Point TNS ;
+-------+--------+---------------+
; CLK   ; -1.583 ; -22.671       ;
+-------+--------+---------------+


+------------------------------------------------------------------------------------------------------------------+
; Setup: 'CLK'                                                                                                     ;
+--------+-----------------+-----------------+--------------+-------------+--------------+------------+------------+
; Slack  ; From Node       ; To Node         ; Launch Clock ; Latch Clock ; Relationship ; Clock Skew ; Data Delay ;
+--------+-----------------+-----------------+--------------+-------------+--------------+------------+------------+
; -0.889 ; r_controller[1] ; r_controller[0] ; CLK          ; CLK         ; 1.000        ; 0.000      ; 1.852      ;
; -0.838 ; r_controller[4] ; r_controller[0] ; CLK          ; CLK         ; 1.000        ; 0.000      ; 1.801      ;
; -0.709 ; r_controller[2] ; r_controller[0] ; CLK          ; CLK         ; 1.000        ; 0.000      ; 1.672      ;
; -0.574 ; r_controller[5] ; r_controller[0] ; CLK          ; CLK         ; 1.000        ; 0.000      ; 1.537      ;
; -0.549 ; r_controller[5] ; r_controller[6] ; CLK          ; CLK         ; 1.000        ; 0.000      ; 1.512      ;
; -0.540 ; r_controller[2] ; r_controller[3] ; CLK          ; CLK         ; 1.000        ; 0.000      ; 1.503      ;
; -0.537 ; r_controller[7] ; r_controller[0] ; CLK          ; CLK         ; 1.000        ; 0.000      ; 1.500      ;
; -0.490 ; r_controller[0] ; r_controller[1] ; CLK          ; CLK         ; 1.000        ; 0.000      ; 1.453      ;
; -0.395 ; r_controller[6] ; r_controller[0] ; CLK          ; CLK         ; 1.000        ; 0.000      ; 1.358      ;
; -0.380 ; r_controller[0] ; r_controller[0] ; CLK          ; CLK         ; 1.000        ; 0.000      ; 1.343      ;
; -0.175 ; r_controller[3] ; r_controller[4] ; CLK          ; CLK         ; 1.000        ; 0.000      ; 1.138      ;
; -0.169 ; r_controller[4] ; r_controller[5] ; CLK          ; CLK         ; 1.000        ; 0.000      ; 1.132      ;
; -0.130 ; r_controller[3] ; r_controller[0] ; CLK          ; CLK         ; 1.000        ; 0.000      ; 1.093      ;
; 0.062  ; r_controller[1] ; r_controller[2] ; CLK          ; CLK         ; 1.000        ; 0.000      ; 0.901      ;
; 0.098  ; r_controller[6] ; r_controller[7] ; CLK          ; CLK         ; 1.000        ; 0.000      ; 0.865      ;
+--------+-----------------+-----------------+--------------+-------------+--------------+------------+------------+


+-----------------------------------------------------------------------------------------------------------------+
; Hold: 'CLK'                                                                                                     ;
+-------+-----------------+-----------------+--------------+-------------+--------------+------------+------------+
; Slack ; From Node       ; To Node         ; Launch Clock ; Latch Clock ; Relationship ; Clock Skew ; Data Delay ;
+-------+-----------------+-----------------+--------------+-------------+--------------+------------+------------+
; 0.850 ; r_controller[6] ; r_controller[7] ; CLK          ; CLK         ; 0.000        ; 0.000      ; 0.865      ;
; 0.886 ; r_controller[1] ; r_controller[2] ; CLK          ; CLK         ; 0.000        ; 0.000      ; 0.901      ;
; 1.078 ; r_controller[3] ; r_controller[0] ; CLK          ; CLK         ; 0.000        ; 0.000      ; 1.093      ;
; 1.117 ; r_controller[4] ; r_controller[5] ; CLK          ; CLK         ; 0.000        ; 0.000      ; 1.132      ;
; 1.123 ; r_controller[3] ; r_controller[4] ; CLK          ; CLK         ; 0.000        ; 0.000      ; 1.138      ;
; 1.328 ; r_controller[0] ; r_controller[0] ; CLK          ; CLK         ; 0.000        ; 0.000      ; 1.343      ;
; 1.343 ; r_controller[6] ; r_controller[0] ; CLK          ; CLK         ; 0.000        ; 0.000      ; 1.358      ;
; 1.438 ; r_controller[0] ; r_controller[1] ; CLK          ; CLK         ; 0.000        ; 0.000      ; 1.453      ;
; 1.485 ; r_controller[7] ; r_controller[0] ; CLK          ; CLK         ; 0.000        ; 0.000      ; 1.500      ;
; 1.488 ; r_controller[2] ; r_controller[3] ; CLK          ; CLK         ; 0.000        ; 0.000      ; 1.503      ;
; 1.497 ; r_controller[5] ; r_controller[6] ; CLK          ; CLK         ; 0.000        ; 0.000      ; 1.512      ;
; 1.522 ; r_controller[5] ; r_controller[0] ; CLK          ; CLK         ; 0.000        ; 0.000      ; 1.537      ;
; 1.657 ; r_controller[2] ; r_controller[0] ; CLK          ; CLK         ; 0.000        ; 0.000      ; 1.672      ;
; 1.786 ; r_controller[4] ; r_controller[0] ; CLK          ; CLK         ; 0.000        ; 0.000      ; 1.801      ;
; 1.837 ; r_controller[1] ; r_controller[0] ; CLK          ; CLK         ; 0.000        ; 0.000      ; 1.852      ;
+-------+-----------------+-----------------+--------------+-------------+--------------+------------+------------+


+------------------------------------------------------------------------------------------------------+
; Minimum Pulse Width: 'CLK'                                                                           ;
+--------+--------------+----------------+------------------+-------+------------+---------------------+
; Slack  ; Actual Width ; Required Width ; Type             ; Clock ; Clock Edge ; Target              ;
+--------+--------------+----------------+------------------+-------+------------+---------------------+
; -1.583 ; 1.000        ; 2.583          ; Port Rate        ; CLK   ; Rise       ; CLK                 ;
; -1.318 ; 0.500        ; 1.818          ; High Pulse Width ; CLK   ; Rise       ; r_controller[0]     ;
; -1.318 ; 0.500        ; 1.818          ; Low Pulse Width  ; CLK   ; Rise       ; r_controller[0]     ;
; -1.318 ; 0.500        ; 1.818          ; High Pulse Width ; CLK   ; Rise       ; r_controller[1]     ;
; -1.318 ; 0.500        ; 1.818          ; Low Pulse Width  ; CLK   ; Rise       ; r_controller[1]     ;
; -1.318 ; 0.500        ; 1.818          ; High Pulse Width ; CLK   ; Rise       ; r_controller[2]     ;
; -1.318 ; 0.500        ; 1.818          ; Low Pulse Width  ; CLK   ; Rise       ; r_controller[2]     ;
; -1.318 ; 0.500        ; 1.818          ; High Pulse Width ; CLK   ; Rise       ; r_controller[3]     ;
; -1.318 ; 0.500        ; 1.818          ; Low Pulse Width  ; CLK   ; Rise       ; r_controller[3]     ;
; -1.318 ; 0.500        ; 1.818          ; High Pulse Width ; CLK   ; Rise       ; r_controller[4]     ;
; -1.318 ; 0.500        ; 1.818          ; Low Pulse Width  ; CLK   ; Rise       ; r_controller[4]     ;
; -1.318 ; 0.500        ; 1.818          ; High Pulse Width ; CLK   ; Rise       ; r_controller[5]     ;
; -1.318 ; 0.500        ; 1.818          ; Low Pulse Width  ; CLK   ; Rise       ; r_controller[5]     ;
; -1.318 ; 0.500        ; 1.818          ; High Pulse Width ; CLK   ; Rise       ; r_controller[6]     ;
; -1.318 ; 0.500        ; 1.818          ; Low Pulse Width  ; CLK   ; Rise       ; r_controller[6]     ;
; -1.318 ; 0.500        ; 1.818          ; High Pulse Width ; CLK   ; Rise       ; r_controller[7]     ;
; -1.318 ; 0.500        ; 1.818          ; Low Pulse Width  ; CLK   ; Rise       ; r_controller[7]     ;
; 0.500  ; 0.500        ; 0.000          ; High Pulse Width ; CLK   ; Rise       ; CLK|combout         ;
; 0.500  ; 0.500        ; 0.000          ; Low Pulse Width  ; CLK   ; Rise       ; CLK|combout         ;
; 0.500  ; 0.500        ; 0.000          ; High Pulse Width ; CLK   ; Rise       ; r_controller[0]|clk ;
; 0.500  ; 0.500        ; 0.000          ; Low Pulse Width  ; CLK   ; Rise       ; r_controller[0]|clk ;
; 0.500  ; 0.500        ; 0.000          ; High Pulse Width ; CLK   ; Rise       ; r_controller[1]|clk ;
; 0.500  ; 0.500        ; 0.000          ; Low Pulse Width  ; CLK   ; Rise       ; r_controller[1]|clk ;
; 0.500  ; 0.500        ; 0.000          ; High Pulse Width ; CLK   ; Rise       ; r_controller[2]|clk ;
; 0.500  ; 0.500        ; 0.000          ; Low Pulse Width  ; CLK   ; Rise       ; r_controller[2]|clk ;
; 0.500  ; 0.500        ; 0.000          ; High Pulse Width ; CLK   ; Rise       ; r_controller[3]|clk ;
; 0.500  ; 0.500        ; 0.000          ; Low Pulse Width  ; CLK   ; Rise       ; r_controller[3]|clk ;
; 0.500  ; 0.500        ; 0.000          ; High Pulse Width ; CLK   ; Rise       ; r_controller[4]|clk ;
; 0.500  ; 0.500        ; 0.000          ; Low Pulse Width  ; CLK   ; Rise       ; r_controller[4]|clk ;
; 0.500  ; 0.500        ; 0.000          ; High Pulse Width ; CLK   ; Rise       ; r_controller[5]|clk ;
; 0.500  ; 0.500        ; 0.000          ; Low Pulse Width  ; CLK   ; Rise       ; r_controller[5]|clk ;
; 0.500  ; 0.500        ; 0.000          ; High Pulse Width ; CLK   ; Rise       ; r_controller[6]|clk ;
; 0.500  ; 0.500        ; 0.000          ; Low Pulse Width  ; CLK   ; Rise       ; r_controller[6]|clk ;
; 0.500  ; 0.500        ; 0.000          ; High Pulse Width ; CLK   ; Rise       ; r_controller[7]|clk ;
; 0.500  ; 0.500        ; 0.000          ; Low Pulse Width  ; CLK   ; Rise       ; r_controller[7]|clk ;
+--------+--------------+----------------+------------------+-------+------------+---------------------+


+----------------------------------------------------------------------------+
; Clock to Output Times                                                      ;
+--------------+------------+--------+--------+------------+-----------------+
; Data Port    ; Clock Port ; Rise   ; Fall   ; Clock Edge ; Clock Reference ;
+--------------+------------+--------+--------+------------+-----------------+
; SEG_OUT[*]   ; CLK        ; 15.470 ; 15.470 ; Rise       ; CLK             ;
;  SEG_OUT[2]  ; CLK        ; 10.268 ; 10.268 ; Rise       ; CLK             ;
;  SEG_OUT[3]  ; CLK        ; 10.268 ; 10.268 ; Rise       ; CLK             ;
;  SEG_OUT[4]  ; CLK        ; 10.128 ; 10.128 ; Rise       ; CLK             ;
;  SEG_OUT[5]  ; CLK        ; 10.128 ; 10.128 ; Rise       ; CLK             ;
;  SEG_OUT[6]  ; CLK        ; 10.115 ; 10.115 ; Rise       ; CLK             ;
;  SEG_OUT[7]  ; CLK        ; 10.439 ; 10.439 ; Rise       ; CLK             ;
;  SEG_OUT[10] ; CLK        ; 10.471 ; 10.471 ; Rise       ; CLK             ;
;  SEG_OUT[11] ; CLK        ; 10.471 ; 10.471 ; Rise       ; CLK             ;
;  SEG_OUT[12] ; CLK        ; 10.807 ; 10.807 ; Rise       ; CLK             ;
;  SEG_OUT[13] ; CLK        ; 10.820 ; 10.820 ; Rise       ; CLK             ;
;  SEG_OUT[14] ; CLK        ; 10.820 ; 10.820 ; Rise       ; CLK             ;
;  SEG_OUT[15] ; CLK        ; 11.081 ; 11.081 ; Rise       ; CLK             ;
;  SEG_OUT[18] ; CLK        ; 10.813 ; 10.813 ; Rise       ; CLK             ;
;  SEG_OUT[19] ; CLK        ; 11.476 ; 11.476 ; Rise       ; CLK             ;
;  SEG_OUT[20] ; CLK        ; 11.490 ; 11.490 ; Rise       ; CLK             ;
;  SEG_OUT[21] ; CLK        ; 11.490 ; 11.490 ; Rise       ; CLK             ;
;  SEG_OUT[22] ; CLK        ; 11.834 ; 11.834 ; Rise       ; CLK             ;
;  SEG_OUT[23] ; CLK        ; 11.834 ; 11.834 ; Rise       ; CLK             ;
;  SEG_OUT[26] ; CLK        ; 12.316 ; 12.316 ; Rise       ; CLK             ;
;  SEG_OUT[27] ; CLK        ; 12.316 ; 12.316 ; Rise       ; CLK             ;
;  SEG_OUT[28] ; CLK        ; 12.304 ; 12.304 ; Rise       ; CLK             ;
;  SEG_OUT[29] ; CLK        ; 12.940 ; 12.940 ; Rise       ; CLK             ;
;  SEG_OUT[30] ; CLK        ; 12.960 ; 12.960 ; Rise       ; CLK             ;
;  SEG_OUT[31] ; CLK        ; 12.960 ; 12.960 ; Rise       ; CLK             ;
;  SEG_OUT[34] ; CLK        ; 13.340 ; 13.340 ; Rise       ; CLK             ;
;  SEG_OUT[35] ; CLK        ; 13.340 ; 13.340 ; Rise       ; CLK             ;
;  SEG_OUT[36] ; CLK        ; 13.328 ; 13.328 ; Rise       ; CLK             ;
;  SEG_OUT[37] ; CLK        ; 13.656 ; 13.656 ; Rise       ; CLK             ;
;  SEG_OUT[38] ; CLK        ; 13.656 ; 13.656 ; Rise       ; CLK             ;
;  SEG_OUT[39] ; CLK        ; 13.644 ; 13.644 ; Rise       ; CLK             ;
;  SEG_OUT[42] ; CLK        ; 13.660 ; 13.660 ; Rise       ; CLK             ;
;  SEG_OUT[43] ; CLK        ; 14.024 ; 14.024 ; Rise       ; CLK             ;
;  SEG_OUT[44] ; CLK        ; 14.024 ; 14.024 ; Rise       ; CLK             ;
;  SEG_OUT[45] ; CLK        ; 14.012 ; 14.012 ; Rise       ; CLK             ;
;  SEG_OUT[46] ; CLK        ; 13.870 ; 13.870 ; Rise       ; CLK             ;
;  SEG_OUT[47] ; CLK        ; 13.870 ; 13.870 ; Rise       ; CLK             ;
;  SEG_OUT[50] ; CLK        ; 14.582 ; 14.582 ; Rise       ; CLK             ;
;  SEG_OUT[51] ; CLK        ; 14.622 ; 14.622 ; Rise       ; CLK             ;
;  SEG_OUT[52] ; CLK        ; 14.622 ; 14.622 ; Rise       ; CLK             ;
;  SEG_OUT[53] ; CLK        ; 14.622 ; 14.622 ; Rise       ; CLK             ;
;  SEG_OUT[54] ; CLK        ; 15.135 ; 15.135 ; Rise       ; CLK             ;
;  SEG_OUT[55] ; CLK        ; 15.135 ; 15.135 ; Rise       ; CLK             ;
;  SEG_OUT[58] ; CLK        ; 15.125 ; 15.125 ; Rise       ; CLK             ;
;  SEG_OUT[59] ; CLK        ; 15.143 ; 15.143 ; Rise       ; CLK             ;
;  SEG_OUT[60] ; CLK        ; 15.143 ; 15.143 ; Rise       ; CLK             ;
;  SEG_OUT[61] ; CLK        ; 15.144 ; 15.144 ; Rise       ; CLK             ;
;  SEG_OUT[62] ; CLK        ; 15.144 ; 15.144 ; Rise       ; CLK             ;
;  SEG_OUT[63] ; CLK        ; 15.470 ; 15.470 ; Rise       ; CLK             ;
; SEG_SEL[*]   ; CLK        ; 6.851  ; 6.851  ; Rise       ; CLK             ;
;  SEG_SEL[0]  ; CLK        ; 6.851  ; 6.851  ; Rise       ; CLK             ;
;  SEG_SEL[1]  ; CLK        ; 6.828  ; 6.828  ; Rise       ; CLK             ;
;  SEG_SEL[2]  ; CLK        ; 6.847  ; 6.847  ; Rise       ; CLK             ;
;  SEG_SEL[3]  ; CLK        ; 6.844  ; 6.844  ; Rise       ; CLK             ;
;  SEG_SEL[4]  ; CLK        ; 6.657  ; 6.657  ; Rise       ; CLK             ;
;  SEG_SEL[5]  ; CLK        ; 6.407  ; 6.407  ; Rise       ; CLK             ;
;  SEG_SEL[6]  ; CLK        ; 6.633  ; 6.633  ; Rise       ; CLK             ;
;  SEG_SEL[7]  ; CLK        ; 6.802  ; 6.802  ; Rise       ; CLK             ;
+--------------+------------+--------+--------+------------+-----------------+


+----------------------------------------------------------------------------+
; Minimum Clock to Output Times                                              ;
+--------------+------------+--------+--------+------------+-----------------+
; Data Port    ; Clock Port ; Rise   ; Fall   ; Clock Edge ; Clock Reference ;
+--------------+------------+--------+--------+------------+-----------------+
; SEG_OUT[*]   ; CLK        ; 7.851  ; 7.851  ; Rise       ; CLK             ;
;  SEG_OUT[2]  ; CLK        ; 8.004  ; 8.004  ; Rise       ; CLK             ;
;  SEG_OUT[3]  ; CLK        ; 8.004  ; 8.004  ; Rise       ; CLK             ;
;  SEG_OUT[4]  ; CLK        ; 7.864  ; 7.864  ; Rise       ; CLK             ;
;  SEG_OUT[5]  ; CLK        ; 7.864  ; 7.864  ; Rise       ; CLK             ;
;  SEG_OUT[6]  ; CLK        ; 7.851  ; 7.851  ; Rise       ; CLK             ;
;  SEG_OUT[7]  ; CLK        ; 8.175  ; 8.175  ; Rise       ; CLK             ;
;  SEG_OUT[10] ; CLK        ; 8.207  ; 8.207  ; Rise       ; CLK             ;
;  SEG_OUT[11] ; CLK        ; 8.207  ; 8.207  ; Rise       ; CLK             ;
;  SEG_OUT[12] ; CLK        ; 8.543  ; 8.543  ; Rise       ; CLK             ;
;  SEG_OUT[13] ; CLK        ; 8.556  ; 8.556  ; Rise       ; CLK             ;
;  SEG_OUT[14] ; CLK        ; 8.556  ; 8.556  ; Rise       ; CLK             ;
;  SEG_OUT[15] ; CLK        ; 8.817  ; 8.817  ; Rise       ; CLK             ;
;  SEG_OUT[18] ; CLK        ; 8.549  ; 8.549  ; Rise       ; CLK             ;
;  SEG_OUT[19] ; CLK        ; 9.212  ; 9.212  ; Rise       ; CLK             ;
;  SEG_OUT[20] ; CLK        ; 9.226  ; 9.226  ; Rise       ; CLK             ;
;  SEG_OUT[21] ; CLK        ; 9.226  ; 9.226  ; Rise       ; CLK             ;
;  SEG_OUT[22] ; CLK        ; 9.570  ; 9.570  ; Rise       ; CLK             ;
;  SEG_OUT[23] ; CLK        ; 9.570  ; 9.570  ; Rise       ; CLK             ;
;  SEG_OUT[26] ; CLK        ; 10.052 ; 10.052 ; Rise       ; CLK             ;
;  SEG_OUT[27] ; CLK        ; 10.052 ; 10.052 ; Rise       ; CLK             ;
;  SEG_OUT[28] ; CLK        ; 10.040 ; 10.040 ; Rise       ; CLK             ;
;  SEG_OUT[29] ; CLK        ; 10.676 ; 10.676 ; Rise       ; CLK             ;
;  SEG_OUT[30] ; CLK        ; 10.696 ; 10.696 ; Rise       ; CLK             ;
;  SEG_OUT[31] ; CLK        ; 10.696 ; 10.696 ; Rise       ; CLK             ;
;  SEG_OUT[34] ; CLK        ; 11.076 ; 11.076 ; Rise       ; CLK             ;
;  SEG_OUT[35] ; CLK        ; 11.076 ; 11.076 ; Rise       ; CLK             ;
;  SEG_OUT[36] ; CLK        ; 11.064 ; 11.064 ; Rise       ; CLK             ;
;  SEG_OUT[37] ; CLK        ; 11.392 ; 11.392 ; Rise       ; CLK             ;
;  SEG_OUT[38] ; CLK        ; 11.392 ; 11.392 ; Rise       ; CLK             ;
;  SEG_OUT[39] ; CLK        ; 11.380 ; 11.380 ; Rise       ; CLK             ;
;  SEG_OUT[42] ; CLK        ; 11.396 ; 11.396 ; Rise       ; CLK             ;
;  SEG_OUT[43] ; CLK        ; 11.760 ; 11.760 ; Rise       ; CLK             ;
;  SEG_OUT[44] ; CLK        ; 11.760 ; 11.760 ; Rise       ; CLK             ;
;  SEG_OUT[45] ; CLK        ; 11.748 ; 11.748 ; Rise       ; CLK             ;
;  SEG_OUT[46] ; CLK        ; 11.606 ; 11.606 ; Rise       ; CLK             ;
;  SEG_OUT[47] ; CLK        ; 11.606 ; 11.606 ; Rise       ; CLK             ;
;  SEG_OUT[50] ; CLK        ; 12.318 ; 12.318 ; Rise       ; CLK             ;
;  SEG_OUT[51] ; CLK        ; 12.358 ; 12.358 ; Rise       ; CLK             ;
;  SEG_OUT[52] ; CLK        ; 12.358 ; 12.358 ; Rise       ; CLK             ;
;  SEG_OUT[53] ; CLK        ; 12.358 ; 12.358 ; Rise       ; CLK             ;
;  SEG_OUT[54] ; CLK        ; 12.871 ; 12.871 ; Rise       ; CLK             ;
;  SEG_OUT[55] ; CLK        ; 12.871 ; 12.871 ; Rise       ; CLK             ;
;  SEG_OUT[58] ; CLK        ; 12.861 ; 12.861 ; Rise       ; CLK             ;
;  SEG_OUT[59] ; CLK        ; 12.879 ; 12.879 ; Rise       ; CLK             ;
;  SEG_OUT[60] ; CLK        ; 12.879 ; 12.879 ; Rise       ; CLK             ;
;  SEG_OUT[61] ; CLK        ; 12.880 ; 12.880 ; Rise       ; CLK             ;
;  SEG_OUT[62] ; CLK        ; 12.880 ; 12.880 ; Rise       ; CLK             ;
;  SEG_OUT[63] ; CLK        ; 13.206 ; 13.206 ; Rise       ; CLK             ;
; SEG_SEL[*]   ; CLK        ; 6.407  ; 6.407  ; Rise       ; CLK             ;
;  SEG_SEL[0]  ; CLK        ; 6.851  ; 6.851  ; Rise       ; CLK             ;
;  SEG_SEL[1]  ; CLK        ; 6.828  ; 6.828  ; Rise       ; CLK             ;
;  SEG_SEL[2]  ; CLK        ; 6.847  ; 6.847  ; Rise       ; CLK             ;
;  SEG_SEL[3]  ; CLK        ; 6.844  ; 6.844  ; Rise       ; CLK             ;
;  SEG_SEL[4]  ; CLK        ; 6.657  ; 6.657  ; Rise       ; CLK             ;
;  SEG_SEL[5]  ; CLK        ; 6.407  ; 6.407  ; Rise       ; CLK             ;
;  SEG_SEL[6]  ; CLK        ; 6.633  ; 6.633  ; Rise       ; CLK             ;
;  SEG_SEL[7]  ; CLK        ; 6.802  ; 6.802  ; Rise       ; CLK             ;
+--------------+------------+--------+--------+------------+-----------------+


+-------------------------------------------------------------------+
; Setup Transfers                                                   ;
+------------+----------+----------+----------+----------+----------+
; From Clock ; To Clock ; RR Paths ; FR Paths ; RF Paths ; FF Paths ;
+------------+----------+----------+----------+----------+----------+
; CLK        ; CLK      ; 15       ; 0        ; 0        ; 0        ;
+------------+----------+----------+----------+----------+----------+
Entries labeled "false path" only account for clock-to-clock false paths and not path-based false paths. As a result, actual path counts may be lower than reported.


+-------------------------------------------------------------------+
; Hold Transfers                                                    ;
+------------+----------+----------+----------+----------+----------+
; From Clock ; To Clock ; RR Paths ; FR Paths ; RF Paths ; FF Paths ;
+------------+----------+----------+----------+----------+----------+
; CLK        ; CLK      ; 15       ; 0        ; 0        ; 0        ;
+------------+----------+----------+----------+----------+----------+
Entries labeled "false path" only account for clock-to-clock false paths and not path-based false paths. As a result, actual path counts may be lower than reported.


---------------
; Report TCCS ;
---------------
No dedicated SERDES Transmitter circuitry present in device or used in design


---------------
; Report RSKM ;
---------------
No dedicated SERDES Receiver circuitry present in device or used in design


+------------------------------------------------+
; Unconstrained Paths                            ;
+---------------------------------+-------+------+
; Property                        ; Setup ; Hold ;
+---------------------------------+-------+------+
; Illegal Clocks                  ; 0     ; 0    ;
; Unconstrained Clocks            ; 0     ; 0    ;
; Unconstrained Input Ports       ; 1     ; 1    ;
; Unconstrained Input Port Paths  ; 8     ; 8    ;
; Unconstrained Output Ports      ; 56    ; 56   ;
; Unconstrained Output Port Paths ; 392   ; 392  ;
+---------------------------------+-------+------+


+------------------------------------+
; TimeQuest Timing Analyzer Messages ;
+------------------------------------+
Info: *******************************************************************
Info: Running Quartus II TimeQuest Timing Analyzer
    Info: Version 11.0 Build 208 07/03/2011 Service Pack 1 SJ Web Edition
    Info: Processing started: Mon Nov  5 13:20:26 2012
Info: Command: quartus_sta CPU -c cpu_top
Info: qsta_default_script.tcl version: #1
Warning: Parallel compilation is not licensed and has been disabled
Critical Warning: Synopsys Design Constraints File file not found: 'cpu_top.sdc'. A Synopsys Design Constraints File is required by the TimeQuest Timing Analyzer to get proper timing constraints. Without it, the Compiler will not properly optimize the design.
Info: No user constrained base clocks found in the design. Calling "derive_clocks -period 1.0"
Info: Deriving Clocks
    Info: create_clock -period 1.000 -name CLK CLK
Critical Warning: Timing requirements not met
Info: Worst-case setup slack is -0.889
    Info:     Slack End Point TNS Clock 
    Info: ========= ============= =====================
    Info:    -0.889        -2.812 CLK 
Info: Worst-case hold slack is 0.850
    Info:     Slack End Point TNS Clock 
    Info: ========= ============= =====================
    Info:     0.850         0.000 CLK 
Info: No Recovery paths to report
Info: No Removal paths to report
Info: Worst-case minimum pulse width slack is -1.583
    Info:     Slack End Point TNS Clock 
    Info: ========= ============= =====================
    Info:    -1.583       -22.671 CLK 
Info: The selected device family is not supported by the report_metastability command.
Info: Design is not fully constrained for setup requirements
Info: Design is not fully constrained for hold requirements
Info: Quartus II TimeQuest Timing Analyzer was successful. 0 errors, 3 warnings
    Info: Peak virtual memory: 216 megabytes
    Info: Processing ended: Mon Nov  5 13:20:27 2012
    Info: Elapsed time: 00:00:01
    Info: Total CPU time (on all processors): 00:00:01


